// Jest Snapshot v1, https://goo.gl/fbAQLP

exports[`<NotFoundPage /> should match snapshot 1`] = `
Array [
  .c2 {
  width: 960px;
  margin: 0 auto;
  padding: 0 1.5rem;
  box-sizing: content-box;
}

.c3 {
  -webkit-text-decoration: none;
  text-decoration: none;
  color: white;
  margin-left: 20px;
  cursor: pointer;
}

.c0 {
  box-shadow: 0 1px 0 0 rgba(58,52,51,0.05);
  height: 4rem;
  display: -webkit-box;
  display: -webkit-flex;
  display: -ms-flexbox;
  display: flex;
  position: fixed;
  top: 0;
  width: 100%;
  background-color: rgba(255,255,255,1);
  z-index: 2;
}

.c0 .c1 {
  display: -webkit-box;
  display: -webkit-flex;
  display: -ms-flexbox;
  display: flex;
  -webkit-align-items: center;
  -webkit-box-align: center;
  -ms-flex-align: center;
  align-items: center;
}

@supports (-webkit-backdrop-filter:blur(10px)) or (backdrop-filter:blur(10px)) {
  .c0 {
    -webkit-backdrop-filter: blur(10px);
    backdrop-filter: blur(10px);
    background-color: rgba(255,255,255,0.75);
  }
}

<header
    className="c0"
  >
    <div
      className="c1 c2"
    >
      <a
        href="/"
        onClick={[Function]}
      >
        <span
          className="c3"
        >
          All Users
        </span>
      </a>
      <a
        href="/add-user"
        onClick={[Function]}
      >
        <span
          className="c3"
        >
          Add User
        </span>
      </a>
    </div>
  </header>,
  .c2 {
  font-size: 1rem;
  line-height: 1.5;
  color: rgba(58,52,51,0.7);
  margin: 0.625rem 0 1.5rem 0;
}

.c3 {
  color: rgba(215,113,88,1);
  -webkit-text-decoration: none;
  text-decoration: none;
}

.c3:hover {
  -webkit-text-decoration: underline;
  text-decoration: underline;
  opacity: 0.8;
}

.c3:active {
  opacity: 0.4;
}

.c0 {
  height: calc(100vh - 4rem);
  display: -webkit-box;
  display: -webkit-flex;
  display: -ms-flexbox;
  display: flex;
  -webkit-align-items: center;
  -webkit-box-align: center;
  -ms-flex-align: center;
  align-items: center;
  -webkit-box-pack: center;
  -webkit-justify-content: center;
  -ms-flex-pack: center;
  justify-content: center;
  -webkit-flex-direction: column;
  -ms-flex-direction: column;
  flex-direction: column;
  min-height: 320px;
}

.c1 {
  margin-top: -8vh;
  font-weight: bold;
  color: rgba(58,52,51,1);
  font-size: 3.375rem;
}

.c1 span {
  font-size: 3.125rem;
}

@supports (-webkit-backdrop-filter:blur(10px)) or (backdrop-filter:blur(10px)) {

}

<div
    className="c0"
  >
    <div
      className="c1"
    >
      4
      <span
        aria-label="Crying Face"
        role="img"
      >
        ðŸ˜¢
      </span>
      4
    </div>
    <p
      className="c2"
    >
      Page not found.
    </p>
    <a
      className="c3"
      href="/"
      onClick={[Function]}
    >
      Return to Home Page
    </a>
  </div>,
]
`;
