// Jest Snapshot v1, https://goo.gl/fbAQLP

exports[`<ActionsSection /> <ActionsSection /> 1`] = `
<div
  className="ActionsSection-sc-3cmt0s-0 lbvzQo"
/>
`;
