// Jest Snapshot v1, https://goo.gl/fbAQLP

exports[`<Description /> <Description /> 1`] = `
<div
  className="Description-sc-1ve6h2t-0 liDJcf"
/>
`;
